220
# define testdb INDEX1
150 1 definitions retrieved
151 "DATA1" testdb "index/data test"
  DEF1
.
250
# define testdb index1
150 1 definitions retrieved
151 "DATA1" testdb "index/data test"
  DEF1
.
250
# define testdb index2
150 1 definitions retrieved
151 "DATA2" testdb "index/data test"
  DEF2
.
250
# match testdb exact index1
152 1 matches found
testdb "DATA1"
.
250
# match testdb exact index2
152 1 matches found
testdb "DATA2"
.
250
# match testdb exact index3
152 1 matches found
testdb "INDEX3"
.
250
# match testdb exact index4
152 1 matches found
testdb "index4"
.
250
# match testdb exact index5
152 1 matches found
testdb "DATA5"
.
250
# match testdb exact index6
152 1 matches found
testdb "DATA6"
.
250
# match testdb exact index7
152 1 matches found
testdb "index7"
.
250
