220
# match testdb . университет
152 29 matches found
testdb "университет"
testdb "университет по землеустройству"
testdb "университет штата коннектикут"
testdb "университет южной калифорнии"
testdb "университета"
testdb "университетам"
testdb "университетами"
testdb "университетах"
testdb "университетбиблиотека"
testdb "университете"
testdb "университетов"
testdb "университетом"
testdb "университетская"
testdb "университетская реформа"
testdb "университетские"
testdb "университетские уставы"
testdb "университетский"
testdb "университетский городок"
testdb "университетским"
testdb "университетскими"
testdb "университетских"
testdb "университетского"
testdb "университетское"
testdb "университетской"
testdb "университетском"
testdb "университетскому"
testdb "университетскую"
testdb "университету"
testdb "университеты"
.
250
