220
# match testdb word университет
152 10 matches found
testdb "абхазский университет"
testdb "азербайджанский индустриальный университет"
testdb "азербайджанский медицинский университет"
testdb "азербайджанский университет"
testdb "академический университет"
testdb "алтайский университет"
testdb "батумский университет"
testdb "башкирский университет"
testdb "белградский мир белградский университет"
testdb "белорусский университет"
.
250
# match testdb word "и время"
152 2 matches found
testdb "бытие и время"
testdb "пространство и время"
.
250
