220
# match testdb prefix 00database
152 6 matches found
testdb "00databasealphabet"
testdb "00databasedefaultstrategy"
testdb "00databaseinfo"
testdb "00databaseshort"
testdb "00databaseurl"
testdb "00databaseutf8"
.
250
# match testdb substring database
152 6 matches found
testdb "00databasealphabet"
testdb "00databasedefaultstrategy"
testdb "00databaseinfo"
testdb "00databaseshort"
testdb "00databaseurl"
testdb "00databaseutf8"
.
250
# match testdb first университет
152 4 matches found
testdb "университет"
testdb "университет по землеустройству"
testdb "университет штата коннектикут"
testdb "университет южной калифорнии"
.
250
# match testdb last университет
152 184 matches found
testdb "абхазский университет"
testdb "азербайджанский индустриальный университет"
testdb "азербайджанский медицинский университет"
testdb "азербайджанский университет"
testdb "академический университет"
testdb "алтайский университет"
testdb "батумский университет"
testdb "башкирский университет"
testdb "белградский мир белградский университет"
testdb "белорусский университет"
testdb "берлинский университет"
testdb "болонский университет"
testdb "бомбейский университет"
testdb "боннский университет"
testdb "братиславский университет"
testdb "будапештский университет"
testdb "бухарестский университет"
testdb "варшавский университет"
testdb "венский университет"
testdb "вильнюсский университет"
testdb "волгоградский университет"
testdb "воронежский университет"
testdb "гаванский университет"
testdb "гарвардский университет"
testdb "гейдельбергский университет"
testdb "гельсингфорсский университет"
testdb "геттингенский университет"
testdb "гладзорский университет"
testdb "гомельский университет"
testdb "гродненский университет"
testdb "грузинский аграрный университет"
testdb "грузинский технический университет"
testdb "дагестанский университет"
testdb "дальневосточный университет"
testdb "дерптский университет"
testdb "днепропетровский аграрный университет"
testdb "днепропетровский университет"
testdb "донецкий университет"
testdb "ереванский университет"
testdb "загребский университет"
testdb "ивановский университет"
testdb "иркутский технический университет"
testdb "иркутский университет"
testdb "йельский университет"
testdb "йенский университет"
testdb "кабардинобалкарский университет"
testdb "казахский национальный университет"
testdb "каирский университет"
testdb "калининградский университет"
testdb "калифорнийский университет"
testdb "калмыцкий университет"
testdb "калькуттский университет"
testdb "карагандинский университет"
testdb "каунасский технологический университет"
testdb "каунасский университет"
testdb "кельнский университет"
testdb "кембриджский университет"
testdb "кемеровский университет"
testdb "киевский университет"
testdb "киотский университет"
testdb "киргизский университет"
testdb "кишиневский университет"
testdb "клужский университет"
testdb "колорадский университет"
testdb "колумбийский университет"
testdb "коммунистический университет"
testdb "копенгагенский университет"
testdb "краковский университет"
testdb "красноярский университет"
testdb "кубанский университет"
testdb "кутаисский университет"
testdb "латвийский университет"
testdb "лейденский университет"
testdb "лейпцигский университет"
testdb "лиссабонский университет"
testdb "лондонский университет"
testdb "львовский университет"
testdb "люблянский университет"
testdb "мадрасский университет"
testdb "мадридский университет"
testdb "марбургский университет"
testdb "марийский университет"
testdb "мексиканский университет"
testdb "мельбурнский университет"
testdb "миннесотский университет"
testdb "миссурийский университет"
testdb "мичиганский университет"
testdb "молдавский университет"
testdb "монреальский университет"
testdb "мордовский университет"
testdb "московский авиационный технологический университет"
testdb "московский горный университет"
testdb "московский государственный университет"
testdb "московский коммерческий университет"
testdb "московский открытый университет"
testdb "московский педагогический университет"
testdb "московский строительный университет"
testdb "московский технический университет"
testdb "московский университет"
testdb "мюнхенский университет"
testdb "неаполитанский университет"
testdb "нижегородский университет"
testdb "новороссийский университет"
testdb "новосибирский университет"
testdb "нукусский университет"
testdb "одесский университет"
testdb "оксфордский университет"
testdb "омский университет"
testdb "осло университет"
testdb "парижский университет"
testdb "пенсильванский университет"
testdb "пермский университет"
testdb "петрозаводский университет"
testdb "пражский университет"
testdb "принстонский университет"
testdb "пхеньянский университет"
testdb "рейнский университет"
testdb "рижский технический университет"
testdb "римский университет"
testdb "российский гуманитарный университет"
testdb "российский медицинский университет"
testdb "российский открытый университет"
testdb "российский педагогический университет"
testdb "российский православный университет"
testdb "российский химикотехнологический университет"
testdb "ростовский университет"
testdb "ростокский университет"
testdb "саламанкский университет"
testdb "самаркандский университет"
testdb "самарский университет"
testdb "сараевский университет"
testdb "саратовский университет"
testdb "североосетинский университет"
testdb "сибирский медицинский университет"
testdb "сиднейский университет"
testdb "симферопольский университет"
testdb "скопье университет"
testdb "софийский университет"
testdb "среднеазиатский университет"
testdb "стамбульский университет"
testdb "станфордский университет"
testdb "стокгольмский университет"
testdb "страсбурский университет"
testdb "сыктывкарский университет"
testdb "таджикский университет"
testdb "тартуский университет"
testdb "татевский университет"
testdb "тбилисский университет"
testdb "тверской университет"
testdb "тегеранский университет"
testdb "тиранский университет"
testdb "токийский университет"
testdb "томский политехнический университет"
testdb "томский университет"
testdb "торонтский университет"
testdb "туркестанский университет"
testdb "тюменский университет"
testdb "удмуртский университет"
testdb "ужгородский университет"
testdb "уланбаторский университет"
testdb "университет"
testdb "упсальский университет"
testdb "уральский технический университет"
testdb "уральский университет"
testdb "утрехтский университет"
testdb "флорентийский университет"
testdb "фрейбургский университет"
testdb "ханойский университет"
testdb "харьковский университет"
testdb "хельсинкский университет"
testdb "цюрихский университет"
testdb "челябинский технический университет"
testdb "челябинский университет"
testdb "черновицкий университет"
testdb "чеченский университет"
testdb "чикагский университет"
testdb "чувашский университет"
testdb "шанявского университет"
testdb "эдинбургский университет"
testdb "юрьевский университет"
testdb "ягеллонский университет"
testdb "якутский университет"
testdb "ярославский университет"
testdb "ясский университет"
.
250
