220
# define 	testdb	 "00databasealphabet"
150 1 definitions retrieved
151 "00databasealphabet" testdb "unknown"
 abdehlnoróýавеинпртыі
.
250
# define testdb "00databasealphabet"
150 1 definitions retrieved
151 "00databasealphabet" testdb "unknown"
 abdehlnoróýавеинпртыі
.
250
# match	testdb exact	"00databasealphabet"
152 1 matches found
testdb "00databasealphabet"
.
250
# define 	testdb	 "00databaseinfo"
150 1 definitions retrieved
151 "00databaseinfo" testdb "unknown"
The original data is available from:
     unknown

The original data was distributed with the notice shown below. No
additional restrictions are claimed.  Please redistribute this changed
version under the same conditions and restriction that apply to the
original version.

.
250
# define testdb "00databaseinfo"
150 1 definitions retrieved
151 "00databaseinfo" testdb "unknown"
The original data is available from:
     unknown

The original data was distributed with the notice shown below. No
additional restrictions are claimed.  Please redistribute this changed
version under the same conditions and restriction that apply to the
original version.

.
250
# match	testdb exact	"00databaseinfo"
152 1 matches found
testdb "00databaseinfo"
.
250
# define 	testdb	 "00databaseshort"
150 1 definitions retrieved
151 "00databaseshort" testdb "unknown"
00-database-short
     unknown
.
250
# define testdb "00databaseshort"
150 1 definitions retrieved
151 "00databaseshort" testdb "unknown"
00-database-short
     unknown
.
250
# match	testdb exact	"00databaseshort"
152 1 matches found
testdb "00databaseshort"
.
250
# define 	testdb	 "00databaseurl"
150 1 definitions retrieved
151 "00databaseurl" testdb "unknown"
unknown
.
250
# define testdb "00databaseurl"
150 1 definitions retrieved
151 "00databaseurl" testdb "unknown"
unknown
.
250
# match	testdb exact	"00databaseurl"
152 1 matches found
testdb "00databaseurl"
.
250
# define 	testdb	 "00databaseutf8"
150 1 definitions retrieved
151 "00databaseutf8" testdb "unknown"

.
250
# define testdb "00databaseutf8"
150 1 definitions retrieved
151 "00databaseutf8" testdb "unknown"

.
250
# match	testdb exact	"00databaseutf8"
152 1 matches found
testdb "00databaseutf8"
.
250
# define 	testdb	 "dobrý den"
150 1 definitions retrieved
151 "dobrý den" testdb "unknown"
dobrý den
   hello6
.
250
# define testdb "dobrý den"
150 1 definitions retrieved
151 "dobrý den" testdb "unknown"
dobrý den
   hello6
.
250
# match	testdb exact	"dobrý den"
152 1 matches found
testdb "dobrý den"
.
250
# define 	testdb	 "haló"
150 1 definitions retrieved
151 "haló" testdb "unknown"
haló
   hello5
.
250
# define testdb "haló"
150 1 definitions retrieved
151 "haló" testdb "unknown"
haló
   hello5
.
250
# match	testdb exact	"haló"
152 1 matches found
testdb "haló"
.
250
# define 	testdb	 "hello"
150 1 definitions retrieved
151 "hello" testdb "unknown"
Hello
   hello3
.
250
# define testdb "hello"
150 1 definitions retrieved
151 "hello" testdb "unknown"
Hello
   hello3
.
250
# match	testdb exact	"hello"
152 1 matches found
testdb "hello"
.
250
# define 	testdb	 "привет"
150 1 definitions retrieved
151 "привет" testdb "unknown"
Привет
   hello1
.
250
# define testdb "привет"
150 1 definitions retrieved
151 "привет" testdb "unknown"
Привет
   hello1
.
250
# match	testdb exact	"привет"
152 1 matches found
testdb "привет"
.
250
# define 	testdb	 "привіт"
150 1 definitions retrieved
151 "привіт" testdb "unknown"
Привіт
   hello4
.
250
# define testdb "привіт"
150 1 definitions retrieved
151 "привіт" testdb "unknown"
Привіт
   hello4
.
250
# match	testdb exact	"привіт"
152 1 matches found
testdb "привіт"
.
250
# define 	testdb	 "прывітанне"
150 1 definitions retrieved
151 "прывітанне" testdb "unknown"
Прывітанне
   hello2
.
250
# define testdb "прывітанне"
150 1 definitions retrieved
151 "прывітанне" testdb "unknown"
Прывітанне
   hello2
.
250
# match	testdb exact	"прывітанне"
152 1 matches found
testdb "прывітанне"
.
250
