220
150 1 definitions retrieved
151 "00-database-allchars" testdb "unknown"

.
250
150 1 definitions retrieved
151 "00-database-allchars" testdb "unknown"

.
250
152 1 matches found
testdb "00-database-allchars"
.
250
150 1 definitions retrieved
151 "00-database-alphabet" testdb "unknown"
ытhвrнaіbеlпdóeир аnýo
.
250
150 1 definitions retrieved
151 "00-database-alphabet" testdb "unknown"
ытhвrнaіbеlпdóeир аnýo
.
250
152 1 matches found
testdb "00-database-alphabet"
.
250
150 1 definitions retrieved
151 "00-database-info" testdb "unknown"
.
250
150 1 definitions retrieved
151 "00-database-info" testdb "unknown"
.
250
152 1 matches found
testdb "00-database-info"
.
250
150 1 definitions retrieved
151 "00-database-short" testdb "unknown"
00-database-short
     unknown
.
250
150 1 definitions retrieved
151 "00-database-short" testdb "unknown"
00-database-short
     unknown
.
250
152 1 matches found
testdb "00-database-short"
.
250
150 1 definitions retrieved
151 "00-database-url" testdb "unknown"
unknown
.
250
150 1 definitions retrieved
151 "00-database-url" testdb "unknown"
unknown
.
250
152 1 matches found
testdb "00-database-url"
.
250
150 1 definitions retrieved
151 "00-database-utf8" testdb "unknown"

.
250
150 1 definitions retrieved
151 "00-database-utf8" testdb "unknown"

.
250
152 1 matches found
testdb "00-database-utf8"
.
250
150 1 definitions retrieved
151 "dobrý den" testdb "unknown"
   hello6
.
250
150 1 definitions retrieved
151 "dobrý den" testdb "unknown"
   hello6
.
250
152 1 matches found
testdb "dobrý den"
.
250
150 1 definitions retrieved
151 "haló" testdb "unknown"
   hello5
.
250
150 1 definitions retrieved
151 "haló" testdb "unknown"
   hello5
.
250
152 1 matches found
testdb "haló"
.
250
150 1 definitions retrieved
151 "hello" testdb "unknown"
   hello3
.
250
150 1 definitions retrieved
151 "hello" testdb "unknown"
   hello3
.
250
152 1 matches found
testdb "hello"
.
250
150 1 definitions retrieved
151 "привет" testdb "unknown"
   hello1
.
250
150 1 definitions retrieved
151 "привет" testdb "unknown"
   hello1
.
250
152 1 matches found
testdb "привет"
.
250
150 1 definitions retrieved
151 "привіт" testdb "unknown"
   hello4
.
250
150 1 definitions retrieved
151 "привіт" testdb "unknown"
   hello4
.
250
152 1 matches found
testdb "привіт"
.
250
150 1 definitions retrieved
151 "прывітанне" testdb "unknown"
   hello2
.
250
150 1 definitions retrieved
151 "прывітанне" testdb "unknown"
   hello2
.
250
152 1 matches found
testdb "прывітанне"
.
250
