220
# define testdb "Белорусский Университет"
150 1 definitions retrieved
151 "Белорусский Университет" testdb "testdb"
 <белорусский университет>
.
250
# define testdb "белорусский университет"
552 no match [d/m/c = 0/0/4; 0.000r 0.000u 0.000s]
# match testdb word "Белорусский Университет"
152 1 matches found
testdb "Белорусский Университет"
.
250
# match testdb word "белорусский университет"
552 no match [d/m/c = 0/0/9; 0.000r 0.000u 0.000s]
# match testdb word "Белорусский"
152 1 matches found
testdb "Белорусский Университет"
.
250
# match testdb word "белорусский"
552 no match [d/m/c = 0/0/15; 0.000r 0.000u 0.000s]
# match testdb word "Университет"
152 1 matches found
testdb "Белорусский Университет"
.
250
# match testdb word "университет"
552 no match [d/m/c = 0/0/13; 0.000r 0.000u 0.000s]
# match testdb substring "Белорусский Университет"
152 1 matches found
testdb "Белорусский Университет"
.
250
# match testdb substring "белорусский университет"
552 no match [d/m/c = 0/0/9; 0.000r 0.000u 0.000s]
# match testdb substring "Белорусский"
152 1 matches found
testdb "Белорусский Университет"
.
250
# match testdb substring "белорусский"
552 no match [d/m/c = 0/0/15; 0.000r 0.000u 0.000s]
# match testdb substring "Университет"
152 1 matches found
testdb "Белорусский Университет"
.
250
# match testdb substring "университет"
552 no match [d/m/c = 0/0/13; 0.000r 0.000u 0.000s]
