220
# define 	testdb	 "00-database-allchars"
150 1 definitions retrieved
151 "00-database-allchars" testdb "unknown"

.
250
# define testdb "00-database-allchars"
150 1 definitions retrieved
151 "00-database-allchars" testdb "unknown"

.
250
# match	testdb exact	"00-database-allchars"
152 1 matches found
testdb "00-database-allchars"
.
250
# define 	testdb	 "00-database-alphabet"
150 1 definitions retrieved
151 "00-database-alphabet" testdb "unknown"
 
abdehlnoróýавеинпртыі
.
250
# define testdb "00-database-alphabet"
150 1 definitions retrieved
151 "00-database-alphabet" testdb "unknown"
 
abdehlnoróýавеинпртыі
.
250
# match	testdb exact	"00-database-alphabet"
152 1 matches found
testdb "00-database-alphabet"
.
250
# define 	testdb	 "00-database-default-strategy"
150 1 definitions retrieved
151 "00-database-default-strategy" testdb "unknown"
lev
.
250
# define testdb "00-database-default-strategy"
150 1 definitions retrieved
151 "00-database-default-strategy" testdb "unknown"
lev
.
250
# match	testdb exact	"00-database-default-strategy"
152 1 matches found
testdb "00-database-default-strategy"
.
250
# define 	testdb	 "00-database-short"
150 1 definitions retrieved
151 "00-database-short" testdb "unknown"
00-database-short
     unknown
.
250
# define testdb "00-database-short"
150 1 definitions retrieved
151 "00-database-short" testdb "unknown"
00-database-short
     unknown
.
250
# match	testdb exact	"00-database-short"
152 1 matches found
testdb "00-database-short"
.
250
# define 	testdb	 "00-database-url"
150 1 definitions retrieved
151 "00-database-url" testdb "unknown"
unknown
.
250
# define testdb "00-database-url"
150 1 definitions retrieved
151 "00-database-url" testdb "unknown"
unknown
.
250
# match	testdb exact	"00-database-url"
152 1 matches found
testdb "00-database-url"
.
250
# define 	testdb	 "00-database-utf8"
150 1 definitions retrieved
151 "00-database-utf8" testdb "unknown"

.
250
# define testdb "00-database-utf8"
150 1 definitions retrieved
151 "00-database-utf8" testdb "unknown"

.
250
# match	testdb exact	"00-database-utf8"
152 1 matches found
testdb "00-database-utf8"
.
250
# define 	testdb	 "dobrý den"
150 1 definitions retrieved
151 "dobrý den" testdb "unknown"
   hello6
.
250
# define testdb "dobrý den"
150 1 definitions retrieved
151 "dobrý den" testdb "unknown"
   hello6
.
250
# match	testdb exact	"dobrý den"
152 1 matches found
testdb "dobrý den"
.
250
# define 	testdb	 "haló"
150 1 definitions retrieved
151 "haló" testdb "unknown"
   hello5
.
250
# define testdb "haló"
150 1 definitions retrieved
151 "haló" testdb "unknown"
   hello5
.
250
# match	testdb exact	"haló"
152 1 matches found
testdb "haló"
.
250
# define 	testdb	 "hello"
150 1 definitions retrieved
151 "hello" testdb "unknown"
   hello3
.
250
# define testdb "hello"
150 1 definitions retrieved
151 "hello" testdb "unknown"
   hello3
.
250
# match	testdb exact	"hello"
152 1 matches found
testdb "hello"
.
250
# define 	testdb	 "привет"
150 1 definitions retrieved
151 "привет" testdb "unknown"
   hello1
.
250
# define testdb "привет"
150 1 definitions retrieved
151 "привет" testdb "unknown"
   hello1
.
250
# match	testdb exact	"привет"
152 1 matches found
testdb "привет"
.
250
# define 	testdb	 "привіт"
150 1 definitions retrieved
151 "привіт" testdb "unknown"
   hello4
.
250
# define testdb "привіт"
150 1 definitions retrieved
151 "привіт" testdb "unknown"
   hello4
.
250
# match	testdb exact	"привіт"
152 1 matches found
testdb "привіт"
.
250
# define 	testdb	 "прывітанне"
150 1 definitions retrieved
151 "прывітанне" testdb "unknown"
   hello2
.
250
# define testdb "прывітанне"
150 1 definitions retrieved
151 "прывітанне" testdb "unknown"
   hello2
.
250
# match	testdb exact	"прывітанне"
152 1 matches found
testdb "прывітанне"
.
250
